// Jest Snapshot v1, https://goo.gl/fbAQLP

exports[`About.vue coincide snapshot 1`] = `
<div>
  <h1>PÃ¡gina About</h1>
</div>
`;
